clang++ -O2 -std=c++17 -fobjc-arc -Wall -Wextra -Werror -Iinclude -Ilib/MIL -Ilib/IR -Ilib/Transform -Ilib/Planning -Ilib/Driver -Ilib/Model -Ilib/HWX -Ilib/Runtime -Iplugins/H16G -Iplugins/H16G/Encoding tests/test_staged_conv_compiler.mm lib/Support/ANEDiagnostic.mm lib/MIL/MILLexer.mm lib/MIL/MILSyntax.mm lib/MIL/MILParser.mm lib/MIL/MILPrinter.mm lib/IR/ANEGraphIR.mm lib/IR/ANEGraphVerifier.mm lib/MIL/MILGraphImporter.mm lib/IR/ANEOperationGraph.mm lib/Transform/ANENormalizePass.mm lib/Transform/ANEDecomposePass.mm lib/Transform/ANEFusionPass.mm plugins/H16G/H16GTarget.mm lib/Transform/ANEH16GLegalizePass.mm lib/IR/ANEScheduledGraph.mm lib/Planning/ANETilePlanner.mm lib/Planning/ANEMemoryPlanner.mm lib/Planning/ANEComposedRegionPlanner.mm lib/Planning/ANEProgramPartition.mm lib/Planning/ANETaskScheduler.mm plugins/H16G/Encoding/H16GTDWriter.mm plugins/H16G/Encoding/H16GConvEncoder.mm plugins/H16G/Encoding/H16GConvChainEncoder.mm plugins/H16G/Encoding/H16GDepthwiseEncoder.mm plugins/H16G/Encoding/H16GRegularConvEncoder.mm plugins/H16G/Encoding/H16GMatmulEncoder.mm plugins/H16G/Encoding/H16GALUEncoder.mm plugins/H16G/Encoding/H16GBroadcastALUEncoder.mm plugins/H16G/Encoding/H16GMatrixRowDivisionEncoder.mm plugins/H16G/Encoding/H16GLUTEncoder.mm plugins/H16G/Encoding/H16GReduceEncoder.mm plugins/H16G/Encoding/H16GSRAMChainEncoder.mm plugins/H16G/Encoding/H16GLayoutEncoder.mm plugins/H16G/Encoding/H16GLayoutConvChainEncoder.mm plugins/H16G/Encoding/H16GDecodedFormValidator.mm plugins/H16G/Encoding/H16GMixedTaskEncoder.mm lib/HWX/HWXObjectWriter.mm plugins/H16G/Encoding/H16GConstantPacker.mm lib/Driver/ANEStagedCompiler.mm plugins/H16G/Encoding/H16GProgramEncoder.mm plugins/H16G/Encoding/H16GProgramAssembler.mm plugins/H16G/Encoding/H16GEncodedTask.mm plugins/H16G/Encoding/H16GTaskEncoder.mm plugins/H16G/Encoding/H16GTaskComposer.mm lib/Model/ANEBlobResolver.mm lib/HWX/ANEHWXArtifact.mm lib/HWX/HWXImage.mm lib/Runtime/ANEExecutableBundle.mm -framework Foundation -o build/test_staged_conv_compiler
clang++ -O2 -std=c++17 -fobjc-arc -Wall -Wextra -Werror -Iinclude -Ilib/MIL -Ilib/IR -Ilib/Transform -Ilib/Planning -Ilib/Driver -Ilib/HWX -Ilib/Model -Ilib/Runtime -Iplugins/H16G -Iplugins/H16G/Encoding tests/test_compiler_e2e.mm lib/Support/ANEDiagnostic.mm lib/MIL/MILLexer.mm lib/MIL/MILSyntax.mm lib/MIL/MILParser.mm lib/MIL/MILPrinter.mm lib/IR/ANEGraphIR.mm lib/IR/ANEGraphVerifier.mm lib/MIL/MILGraphImporter.mm lib/IR/ANEOperationGraph.mm lib/Transform/ANENormalizePass.mm lib/Transform/ANEDecomposePass.mm lib/Transform/ANEFusionPass.mm plugins/H16G/H16GTarget.mm lib/Transform/ANEH16GLegalizePass.mm lib/IR/ANEScheduledGraph.mm lib/Planning/ANETilePlanner.mm lib/Planning/ANEMemoryPlanner.mm lib/Planning/ANEComposedRegionPlanner.mm lib/Planning/ANEProgramPartition.mm lib/Planning/ANETaskScheduler.mm plugins/H16G/Encoding/H16GTDWriter.mm plugins/H16G/Encoding/H16GConvEncoder.mm plugins/H16G/Encoding/H16GConvChainEncoder.mm plugins/H16G/Encoding/H16GDepthwiseEncoder.mm plugins/H16G/Encoding/H16GRegularConvEncoder.mm plugins/H16G/Encoding/H16GMatmulEncoder.mm plugins/H16G/Encoding/H16GALUEncoder.mm plugins/H16G/Encoding/H16GBroadcastALUEncoder.mm plugins/H16G/Encoding/H16GMatrixRowDivisionEncoder.mm plugins/H16G/Encoding/H16GLUTEncoder.mm plugins/H16G/Encoding/H16GReduceEncoder.mm plugins/H16G/Encoding/H16GSRAMChainEncoder.mm plugins/H16G/Encoding/H16GLayoutEncoder.mm plugins/H16G/Encoding/H16GLayoutConvChainEncoder.mm plugins/H16G/Encoding/H16GDecodedFormValidator.mm plugins/H16G/Encoding/H16GMixedTaskEncoder.mm lib/HWX/HWXObjectWriter.mm plugins/H16G/Encoding/H16GConstantPacker.mm lib/Driver/ANEStagedCompiler.mm plugins/H16G/Encoding/H16GProgramEncoder.mm plugins/H16G/Encoding/H16GProgramAssembler.mm plugins/H16G/Encoding/H16GEncodedTask.mm plugins/H16G/Encoding/H16GTaskEncoder.mm plugins/H16G/Encoding/H16GTaskComposer.mm lib/Driver/ANECompiler.mm lib/Model/ANEBlobResolver.mm lib/HWX/ANEHWXArtifact.mm lib/HWX/HWXImage.mm lib/Runtime/ANEExecutableBundle.mm -framework Foundation -o build/test_compiler_e2e
clang++ -O2 -std=c++17 -fobjc-arc -Wall -Wextra -Werror -Iinclude -Ilib/MIL -Ilib/IR -Ilib/Transform -Ilib/Planning -Ilib/Driver -Ilib/HWX -Ilib/Model -Ilib/Runtime -Iplugins/H16G -Iplugins/H16G/Encoding -Iplugins/H13 tools/mil-hwxc.mm lib/Support/ANEDiagnostic.mm lib/MIL/MILLexer.mm lib/MIL/MILSyntax.mm lib/MIL/MILParser.mm lib/MIL/MILPrinter.mm lib/IR/ANEGraphIR.mm lib/IR/ANEGraphVerifier.mm lib/MIL/MILGraphImporter.mm lib/IR/ANEOperationGraph.mm lib/Transform/ANENormalizePass.mm lib/Transform/ANEDecomposePass.mm lib/Transform/ANEFusionPass.mm plugins/H16G/H16GTarget.mm lib/Transform/ANEH16GLegalizePass.mm lib/IR/ANEScheduledGraph.mm lib/Planning/ANETilePlanner.mm lib/Planning/ANEMemoryPlanner.mm lib/Planning/ANEComposedRegionPlanner.mm lib/Planning/ANEProgramPartition.mm lib/Planning/ANETaskScheduler.mm plugins/H16G/Encoding/H16GTDWriter.mm plugins/H16G/Encoding/H16GConvEncoder.mm plugins/H16G/Encoding/H16GConvChainEncoder.mm plugins/H16G/Encoding/H16GDepthwiseEncoder.mm plugins/H16G/Encoding/H16GRegularConvEncoder.mm plugins/H16G/Encoding/H16GMatmulEncoder.mm plugins/H16G/Encoding/H16GALUEncoder.mm plugins/H16G/Encoding/H16GBroadcastALUEncoder.mm plugins/H16G/Encoding/H16GMatrixRowDivisionEncoder.mm plugins/H16G/Encoding/H16GLUTEncoder.mm plugins/H16G/Encoding/H16GReduceEncoder.mm plugins/H16G/Encoding/H16GSRAMChainEncoder.mm plugins/H16G/Encoding/H16GLayoutEncoder.mm plugins/H16G/Encoding/H16GLayoutConvChainEncoder.mm plugins/H16G/Encoding/H16GDecodedFormValidator.mm plugins/H16G/Encoding/H16GMixedTaskEncoder.mm lib/HWX/HWXObjectWriter.mm plugins/H16G/Encoding/H16GConstantPacker.mm lib/Driver/ANEStagedCompiler.mm plugins/H16G/Encoding/H16GProgramEncoder.mm plugins/H16G/Encoding/H16GProgramAssembler.mm plugins/H16G/Encoding/H16GEncodedTask.mm plugins/H16G/Encoding/H16GTaskEncoder.mm plugins/H16G/Encoding/H16GTaskComposer.mm lib/Driver/ANECompiler.mm lib/Model/ANEBlobResolver.mm lib/HWX/ANEHWXArtifact.mm lib/HWX/HWXImage.mm lib/Runtime/ANEExecutableBundle.mm plugins/H13/ANEH13Compiler.mm plugins/H13/H13Program.cpp plugins/H13/H13ANEC.cpp -framework Foundation -o build/mil-hwxc
bash tests/test_cli.sh
bash tests/test_no_pattern_shortcuts.sh
build/test_h13_encoding
H13_ENCODING_OK
build/test_h13_anec
python3 tests/test_h13_cli.py build/mil-hwxc
production staged-route guard: PASS
compiled target=H16G artifacts=1 output=build/cli-conv
compiled target=H16G artifacts=1 output=build/cli-attention
compiled target=H16G artifacts=1 output=build/cli-w8a8
compiler CLI: PASS
H13 MIL-to-ANEC CLI: PASS (device-free)
build/test_diagnostics
diagnostics: PASS
build/test_benchmark_stats
benchmark statistics: PASS
build/test_mil_lexer
mil lexer: PASS
build/test_mil_parser
mil parser: PASS
build/test_graph_import
graph import: PASS
build/test_operation_graph
operation graph: PASS
build/test_graph_transforms
graph transforms: PASS
build/test_structural_fusion
structural fusion: PASS
build/test_h16g_legalization
H16G legalization: PASS
build/test_hwx_planning
HWX planning: PASS
build/test_structured_td_encoding
structured TD encoding: PASS
build/test_program_partition
program partition planning: PASS
build/test_program_composition
program composition: PASS
build/test_hwx_object_writer
HWX object writer: PASS
build/test_h16g_constant_packing
H16G constant packing: PASS
build/test_staged_conv_compiler
staged compiler: PASS
build/test_pass_manager
pass manager: PASS
build/test_plugin_registry
plugin registry: PASS
build/test_compiler_e2e
compiler e2e: PASS
build/test_runtime_contract
runtime contract: PASS
bash tests/test_release_hygiene.sh
release hygiene: PASS
