architecture subtype=0x0007 name=H16G isa=17
command[0] offset=0x20 cmd=0x19 size=0x48 kind=1095786335
command[1] offset=0x68 cmd=0x19 size=0x98 kind=1447452511
__FVMLIB/__data addr=0x30000000 size=0x80000 offset=0x0 reloff=0x0 nreloc=0
command[2] offset=0x100 cmd=0x19 size=0x98 kind=1447452511
__FVMLIB/__const addr=0x30080000 size=0x80000 offset=0x0 reloff=0x0 nreloc=0
command[3] offset=0x198 cmd=0x19 size=0xe8 kind=1163157343
__TEXT/__text addr=0x30100000 size=0x630 offset=0x8000 reloff=0x2798 nreloc=4
  relocation[0] address=0x18c info=0x07000005
  relocation[1] address=0x30c info=0x07000005
  relocation[2] address=0x480 info=0x07000005
  relocation[3] address=0x614 info=0x07000005
__TEXT/__const addr=0x30100640 size=0x4000 offset=0x8640 reloff=0x0 nreloc=0
command[4] offset=0x280 cmd=0x19 size=0x98 kind=1162567519
__KERN_0/__kern_0 addr=0x30108000 size=0x4000 offset=0x10000 reloff=0x0 nreloc=0
command[5] offset=0x318 cmd=0x40 size=0x20 kind=24
  buffer_reference address=0x30000000 name='c3'
command[6] offset=0x338 cmd=0x40 size=0x20 kind=24
  buffer_reference address=0x30080000 name='x'
command[7] offset=0x358 cmd=0x4 size=0x8a0 kind=4
  program_descriptor tasks=4 records=59 format=0x7 text=0x30100000 text_const=0x30100640 scratch=0x0 slot70=0x30000000 slot80=0x30080000 slot90=0x30108000
command[8] offset=0xbf8 cmd=0x4 size=0xd48 kind=3
  tensor_descriptor binding=1 element=5 shape=(1, 64, 64, 64) strides=(524288, 8192, 128, 2) total=524288
command[9] offset=0x1940 cmd=0x4 size=0xd50 kind=3
  tensor_descriptor binding=2 element=5 shape=(1, 64, 64, 64) strides=(524288, 8192, 128, 2) total=524288
command[10] offset=0x2690 cmd=0x8 size=0x48 kind=1128615489
command[11] offset=0x26d8 cmd=0x2 size=0x18 kind=9968
